// Jest Snapshot v1, https://goo.gl/fbAQLP

exports[`renders correctly 1`] = `
<div
  className="Button"
  onClick={undefined}
/>
`;

exports[`renders with extra class 1`] = `
<div
  className="Button extra-class"
  onClick={[Function]}
/>
`;
